// Jest Snapshot v1, https://goo.gl/fbAQLP

exports[`<App/> it will match the snapshot 1`] = `undefined`;

exports[`<App/> render() should render correctly 1`] = `
<Fragment>
  <header>
    <h1>
      React App
    </h1>
  </header>
  <p>
    Lorem ipsum dolor sit amet consectetur adipisicing elit. Temporibus repudiandae distinctio optio culpa, ex debitis est quisquam, dolores explicabo unde ad? Esse corporis odit rerum itaque totam ad inventore voluptate!
  </p>
</Fragment>
`;
